// Jest Snapshot v1, https://goo.gl/fbAQLP

exports[`single month list items tests renders the UI as expected 1`] = `"component"`;
