// Jest Snapshot v1, https://goo.gl/fbAQLP

exports[`single month tests renders the UI as expected with a few items 1`] = `"component"`;
